// Jest Snapshot v1, https://goo.gl/fbAQLP

exports[`<Jumbotron /> renders the <Jumbotron /> with populated data 1`] = `
<div
  class="jumbotron__Container-sc-es77m8-6 NIFfQ"
>
  <div
    class="jumbotron__Item-sc-es77m8-5 bOrbai"
  >
    <div
      class="jumbotron__Inner-sc-es77m8-0 izswyf"
      direction="row"
    >
      <div
        class="jumbotron__Pane-sc-es77m8-1 ciJiy"
      >
        <h1
          class="jumbotron__Title-sc-es77m8-2 iIpfyH"
        >
          Enjoy on your TV.
        </h1>
        <h2
          class="jumbotron__SubTitle-sc-es77m8-3 SNors"
        >
          Watch on smart TVs, PlayStation, Xbox, Chromecast, Apple TV, Blu-ray players and more.
        </h2>
      </div>
      <div
        class="jumbotron__Pane-sc-es77m8-1 ciJiy"
      >
        <img
          alt="Tiger King on Netflix"
          class="jumbotron__Image-sc-es77m8-4 iUzrBc"
          data-testid="1-jumbo-image"
          src="/images/misc/home-tv.jpg"
        />
      </div>
    </div>
  </div>
  <div
    class="jumbotron__Item-sc-es77m8-5 bOrbai"
  >
    <div
      class="jumbotron__Inner-sc-es77m8-0 izswyf"
      direction="row"
    >
      <div
        class="jumbotron__Pane-sc-es77m8-1 ciJiy"
      >
        <h1
          class="jumbotron__Title-sc-es77m8-2 iIpfyH"
        >
          Download your programmes to watch on the go.
        </h1>
        <h2
          class="jumbotron__SubTitle-sc-es77m8-3 SNors"
        >
          Save your data and watch all your favourites offline.
        </h2>
      </div>
      <div
        class="jumbotron__Pane-sc-es77m8-1 ciJiy"
      >
        <img
          alt="Watch on mobile"
          class="jumbotron__Image-sc-es77m8-4 iUzrBc"
          data-testid="2-jumbo-image"
          src="/images/misc/home-mobile.jpg"
        />
      </div>
    </div>
  </div>
  <div
    class="jumbotron__Item-sc-es77m8-5 bOrbai"
  >
    <div
      class="jumbotron__Inner-sc-es77m8-0 izswyf"
      direction="row"
    >
      <div
        class="jumbotron__Pane-sc-es77m8-1 ciJiy"
      >
        <h1
          class="jumbotron__Title-sc-es77m8-2 iIpfyH"
        >
          Watch everywhere.
        </h1>
        <h2
          class="jumbotron__SubTitle-sc-es77m8-3 SNors"
        >
          Stream unlimited films and TV programmes on your phone, tablet, laptop and TV without paying more.
        </h2>
      </div>
      <div
        class="jumbotron__Pane-sc-es77m8-1 ciJiy"
      >
        <img
          alt="Money Heist on Netflix"
          class="jumbotron__Image-sc-es77m8-4 iUzrBc"
          data-testid="3-jumbo-image"
          src="/images/misc/home-imac.jpg"
        />
      </div>
    </div>
  </div>
</div>
`;
